[2026-08-20 11:32:45] [INFO] psGuiAdPasswordChanger starting - PowerShell 5.1.19041.6456, ActiveDirectory available: False.
[2026-08-20 11:32:45] [INFO] GUI ready. Click "Connect & Load AD" to load the domain.
[2026-08-20 11:33:05] [WARN] ActiveDirectory module not available - starting in DEMO mode with sample data.
[2026-08-20 11:33:05] [INFO] Connecting to AD (DEMO)...
[2026-08-20 11:33:05] [WARN] ActiveDirectory not available - using demo password policy.
[2026-08-20 11:33:06] [INFO] Password policy: min length 8, complexity ON.
[2026-08-20 11:33:06] [INFO] Loaded 3 top-level OU(s), 27 users total.
[2026-08-20 11:33:10] [DEBUG] Loaded 'DEMO': 0 sub-OU(s), 20 user(s).
[2026-08-20 11:33:30] [INFO] Starting 1 user(s). Mode: TEST MODE (What-if) - nothing will be changed. Generator via GPO policy (min 8 chars, complexity ON).
[2026-08-20 11:33:30] [INFO] ------------------------------------------------------------
[2026-08-20 11:33:30] [INFO] [1/1] Anders Olsson (andersolsson): password WOULD be changed (simulated)
[2026-08-20 11:33:30] [INFO] ------------------------------------------------------------
[2026-08-20 11:33:30] [INFO] DONE -  of 1 account(s) would get a new password. Failed: 0.
[2026-08-20 11:33:31] [INFO] Report saved: H:\Programming\Powershell\Powershell_Scripts\psGuiAdPasswordChanger\files\report\OU_DEMO_2026-08-20_11-33_WhatIf.html
[2026-08-20 11:33:31] [INFO] CSV saved: H:\Programming\Powershell\Powershell_Scripts\psGuiAdPasswordChanger\files\report\OU_DEMO_2026-08-20_11-33_WhatIf.csv
[2026-08-20 11:33:31] [INFO] FINISHED (simulated) - no passwords were changed: 1 account(s) OK, 0 failed.
[2026-08-20 11:33:31] [INFO] Reports in: H:\Programming\Powershell\Powershell_Scripts\psGuiAdPasswordChanger\files\report
[2026-08-20 11:33:31] [INFO] ============================================================
[2026-08-20 11:34:54] [INFO] Starting 1 user(s). Mode: TEST MODE (What-if) - nothing will be changed. Generator via GPO policy (min 8 chars, complexity ON).
[2026-08-20 11:34:54] [INFO] ------------------------------------------------------------
[2026-08-20 11:34:55] [INFO] [1/1] Anders Olsson (andersolsson): password WOULD be changed (simulated)
[2026-08-20 11:34:55] [INFO] ------------------------------------------------------------
[2026-08-20 11:34:55] [INFO] DONE -  of 1 account(s) would get a new password. Failed: 0.
[2026-08-20 11:34:55] [INFO] Report saved: H:\Programming\Powershell\Powershell_Scripts\psGuiAdPasswordChanger\files\report\OU_DEMO_2026-08-20_11-34_WhatIf.html
[2026-08-20 11:34:55] [INFO] CSV saved: H:\Programming\Powershell\Powershell_Scripts\psGuiAdPasswordChanger\files\report\OU_DEMO_2026-08-20_11-34_WhatIf.csv
[2026-08-20 11:34:55] [INFO] FINISHED (simulated) - no passwords were changed: 1 account(s) OK, 0 failed.
[2026-08-20 11:34:55] [INFO] Reports in: H:\Programming\Powershell\Powershell_Scripts\psGuiAdPasswordChanger\files\report
[2026-08-20 11:34:55] [INFO] ============================================================
[2026-08-20 11:38:07] [INFO] psGuiAdPasswordChanger starting - PowerShell 5.1.19041.6456, ActiveDirectory available: False.
[2026-08-20 11:38:07] [INFO] GUI ready. Click "Connect & Load AD" to load the domain.
[2026-08-20 11:38:14] [INFO] Application closed.
[2026-08-20 11:38:40] [INFO] psGuiAdPasswordChanger starting - PowerShell 5.1.19041.6456, ActiveDirectory available: False.
[2026-08-20 11:38:41] [INFO] GUI ready. Click "Connect & Load AD" to load the domain.
[2026-08-20 11:38:48] [INFO] Application closed.
[2026-08-20 11:39:14] [INFO] psGuiAdPasswordChanger starting - PowerShell 5.1.19041.6456, ActiveDirectory available: False.
[2026-08-20 11:39:15] [INFO] GUI ready. Click "Connect & Load AD" to load the domain.
[2026-08-20 11:39:21] [INFO] Application closed.
[2026-08-20 11:39:41] [INFO] psGuiAdPasswordChanger starting - PowerShell 5.1.19041.6456, ActiveDirectory available: False.
[2026-08-20 11:39:42] [INFO] GUI ready. Click "Connect & Load AD" to load the domain.
[2026-08-20 11:39:44] [WARN] ActiveDirectory module not available - starting in DEMO mode with sample data.
[2026-08-20 11:39:44] [INFO] Connecting to AD (DEMO)...
[2026-08-20 11:39:45] [WARN] ActiveDirectory not available - using demo password policy.
[2026-08-20 11:39:45] [INFO] Password policy: min length 8, complexity ON.
[2026-08-20 11:39:45] [INFO] Loaded 3 top-level OU(s), 27 users total.
[2026-08-20 11:39:47] [DEBUG] Loaded 'DEMO': 0 sub-OU(s), 20 user(s).
[2026-08-20 11:40:12] [WARN] Test mode is ON - live run downgraded to What-if.
[2026-08-20 11:40:12] [INFO] Starting 1 user(s). Mode: TEST MODE (What-if) - nothing will be changed. Generator via GPO policy (min 8 chars, complexity ON).
[2026-08-20 11:40:12] [INFO] Account options: Account enabled, PasswordNeverExpires=False, MustChangeAtNextLogon=False
[2026-08-20 11:40:12] [INFO] ------------------------------------------------------------
[2026-08-20 11:40:13] [INFO] [1/1] Anders Olsson (andersolsson): password WOULD be changed (simulated) + options [Account enabled, PasswordNeverExpires=False, MustChangeAtNextLogon=False]
[2026-08-20 11:40:13] [INFO] ------------------------------------------------------------
[2026-08-20 11:40:13] [INFO] DONE -  of 1 account(s) would get a new password. Failed: 0.
[2026-08-20 11:40:13] [INFO] Report saved: H:\Programming\Powershell\Powershell_Scripts\psGuiAdPasswordChanger\files\report\OU_DEMO_2026-08-20_11-40_WhatIf.html
[2026-08-20 11:40:13] [INFO] CSV saved: H:\Programming\Powershell\Powershell_Scripts\psGuiAdPasswordChanger\files\report\OU_DEMO_2026-08-20_11-40_WhatIf.csv
[2026-08-20 11:40:13] [INFO] FINISHED (simulated) - no passwords were changed: 1 account(s) OK, 0 failed.
[2026-08-20 11:40:13] [INFO] Reports in: H:\Programming\Powershell\Powershell_Scripts\psGuiAdPasswordChanger\files\report
[2026-08-20 11:40:13] [INFO] ============================================================
[2026-08-20 11:41:02] [DEBUG] Sample generated (len 12) - policy compliant: True
[2026-08-20 11:41:08] [WARN] Test mode is ON - live run downgraded to What-if.
[2026-08-20 11:41:08] [INFO] Starting 1 user(s). Mode: TEST MODE (What-if) - nothing will be changed. Generator via GPO policy (min 8 chars, complexity ON).
[2026-08-20 11:41:08] [INFO] Account options: Account enabled, PasswordNeverExpires=False, MustChangeAtNextLogon=False
[2026-08-20 11:41:08] [INFO] ------------------------------------------------------------
[2026-08-20 11:41:08] [INFO] [1/1] Daniel Jakobsson (danieljakobsson): password WOULD be changed (simulated) + options [Account enabled, PasswordNeverExpires=False, MustChangeAtNextLogon=False]
[2026-08-20 11:41:08] [INFO] ------------------------------------------------------------
[2026-08-20 11:41:08] [INFO] DONE -  of 1 account(s) would get a new password. Failed: 0.
[2026-08-20 11:41:08] [INFO] Report saved: H:\Programming\Powershell\Powershell_Scripts\psGuiAdPasswordChanger\files\report\OU_DEMO_2026-08-20_11-41_WhatIf.html
[2026-08-20 11:41:08] [INFO] CSV saved: H:\Programming\Powershell\Powershell_Scripts\psGuiAdPasswordChanger\files\report\OU_DEMO_2026-08-20_11-41_WhatIf.csv
[2026-08-20 11:41:08] [INFO] FINISHED (simulated) - no passwords were changed: 1 account(s) OK, 0 failed.
[2026-08-20 11:41:08] [INFO] Reports in: H:\Programming\Powershell\Powershell_Scripts\psGuiAdPasswordChanger\files\report
[2026-08-20 11:41:08] [INFO] ============================================================
